â–¿ UIEdgeInsets
  - bottom: 21.0
  - left: 59.0
  - right: 59.0
  - top: 0.0
