â–¿ UIEdgeInsets
  - bottom: 20.0
  - left: 0.0
  - right: 0.0
  - top: 24.0
